kï¿½ï¿½ï¿½ï¿½ v3.1[0m
[ets Jul 29 2019 12:21:46

rst:0x1 (POWERON_RESET),boot:0x13 (SPI_FAST_FLASH_BOOT)
configsip: 0, SPIWP:0xee
clk_drv:0x00,q_drv:0x00,d_drv:0x00,cs0_drv:0x00,hd_drv:0x00,wp_drv:0x00
mode:DIO, clock div:2
load:0x3fff0030,len:7116
ho 0 tail 12 room 4
load:0x40078000,len:15624
ho 0 tail 12 room 4
load:0x40080400,len:4
load:0x40080404,len:3876
entry 0x4008064c
[0;32mI (33) boot: ESP-IDF v5.1.4-dirty 2nd stage bootloader[0m
[0;32mI (33) boot: compile time Oct 21 2024 01:05:11[0m
[0;32mI (33) boot: Multicore bootloader[0m
[0;32mI (38) boot: chip revision: v3.1[0m
[0;32mI (42) boot.esp32: SPI Speed      : 40MHz[0m
[0;32mI (46) boot.esp32: SPI Mode       : DIO[0m
[0;32mI (51) boot.esp32: SPI Flash Size : 2MB[0m
[0;32mI (55) boot: Enabling RNG early entropy source...[0m
[0;32mI (61) boot: Partition Table:[0m
[0;32mI (64) boot: ## Label            Usage          Type ST Offset   Length[0m
[0;32mI (72) boot:  0 nvs              WiFi data        01 02 00009000 00006000[0m
[0;32mI (79) boot:  1 phy_init         RF data          01 01 0000f000 00001000[0m
[0;32mI (86) boot:  2 factory          factory app      00 00 00010000 00100000[0m
[0;32mI (94) boot: End of partition table[0m
[0;32mI (98) esp_image: segment 0: paddr=00010020 vaddr=3f400020 size=0b078h ( 45176) map[0m
[0;32mI (123) esp_image: segment 1: paddr=0001b0a0 vaddr=3ffb0000 size=02248h (  8776) load[0m
[0;32mI (127) esp_image: segment 2: paddr=0001d2f0 vaddr=40080000 size=02d28h ( 11560) load[0m
[0;32mI (134) esp_image: segment 3: paddr=00020020 vaddr=400d0020 size=19458h (103512) map[0m
[0;32mI (175) esp_image: segment 4: paddr=00039480 vaddr=40082d28 size=0abc4h ( 43972) load[0m
[0;32mI (200) boot: Loaded app from partition at offset 0x10000[0m
[0;32mI (200) boot: Disabling RNG early entropy source...[0m
[0;32mI (211) cpu_start: Multicore app[0m
[0;32mI (212) cpu_start: Pro cpu up.[0m
[0;32mI (212) cpu_start: Starting app cpu, entry point is 0x400812f8[0m
[0;32mI (0) cpu_start: App cpu up.[0m
[0;32mI (230) cpu_start: Pro cpu start user code[0m
[0;32mI (230) cpu_start: cpu freq: 160000000 Hz[0m
[0;32mI (230) cpu_start: Application information:[0m
[0;32mI (235) cpu_start: Project name:     pms7003[0m
[0;32mI (239) cpu_start: App version:      1[0m
[0;32mI (244) cpu_start: Compile time:     Oct 21 2024 01:04:43[0m
[0;32mI (250) cpu_start: ELF file SHA256:  3eca912dd8226301...[0m
[0;32mI (256) cpu_start: ESP-IDF:          v5.1.4-dirty[0m
[0;32mI (261) cpu_start: Min chip rev:     v0.0[0m
[0;32mI (266) cpu_start: Max chip rev:     v3.99 [0m
[0;32mI (271) cpu_start: Chip rev:         v3.1[0m
[0;32mI (276) heap_init: Initializing. RAM available for dynamic allocation:[0m
[0;32mI (283) heap_init: At 3FFAE6E0 len 00001920 (6 KiB): DRAM[0m
[0;32mI (289) heap_init: At 3FFB2AF8 len 0002D508 (181 KiB): DRAM[0m
[0;32mI (295) heap_init: At 3FFE0440 len 00003AE0 (14 KiB): D/IRAM[0m
[0;32mI (301) heap_init: At 3FFE4350 len 0001BCB0 (111 KiB): D/IRAM[0m
[0;32mI (308) heap_init: At 4008D8EC len 00012714 (73 KiB): IRAM[0m
[0;32mI (316) spi_flash: detected chip: generic[0m
[0;32mI (319) spi_flash: flash io: dio[0m
[0;33mW (323) spi_flash: Detected size(4096k) larger than the size in the binary image header(2048k). Using the size in the binary image header.[0m
[0;32mI (336) app_start: Starting scheduler on CPU0[0m
[0;32mI (341) app_start: Starting scheduler on CPU1[0m
[0;32mI (341) main_task: Started on CPU0[0m
[0;32mI (351) main_task: Calling app_main()[0m
[0;32mI (1181) PMS7003: PM1.0: 21, PM2.5: 30, PM10: 32[0m
[0;32mI (1181) main: PM1.0: 21, PM2.5: 30, PM10: 32[0m
[0;32mI (3181) PMS7003: PM1.0: 21, PM2.5: 30, PM10: 32[0m
[0;32mI (3181) main: PM1.0: 21, PM2.5: 30, PM10: 32[0m
[0;32mI (5181) PMS7003: PM1.0: 21, PM2.5: 31, PM10: 33[0m
[0;32mI (5181) main: PM1.0: 21, PM2.5: 31, PM10: 33[0m
[0;32mI (7181) PMS7003: PM1.0: 21, PM2.5: 31, PM10: 33[0m
[0;32mI (7181) main: PM1.0: 21, PM2.5: 31, PM10: 33[0m
[0;32mI (9181) PMS7003: PM1.0: 21, PM2.5: 31, PM10: 32[0m
[0;32mI (9181) main: PM1.0: 21, PM2.5: 31, PM10: 32[0m
[0;32mI (11181) PMS7003: PM1.0: 21, PM2.5: 31, PM10: 32[0m
[0;32mI (11181) main: PM1.0: 21, PM2.5: 31, PM10: 32[0m
[0;32mI (13181) PMS7003: PM1.0: 21, PM2.5: 31, PM10: 33[0m
[0;32mI (13181) main: PM1.0: 21, PM2.5: 31, PM10: 33[0m
