etssion: v3.1[0m
[0;3ï¿½ets Jul 29 2019 12:21:46

rst:0x1 (POWERON_RESET),boot:0x13 (SPI_FAST_FLASH_BOOT)
configsip: 0, SPIWP:0xee
clk_drv:0x00,q_drv:0x00,d_drv:0x00,cs0_drv:0x00,hd_drv:0x00,wp_drv:0x00
mode:DIO, clock div:2
load:0x3fff0030,len:7116
ho 0 tail 12 room 4
load:0x40078000,len:15624
ho 0 tail 12 room 4
load:0x40080400,len:4
load:0x40080404,len:3876
entry 0x4008064c
[0;32mI (33) boot: ESP-IDF v5.1.4-dirty 2nd stage bootloader[0m
[0;32mI (33) boot: compile time Nov 24 2024 00:56:50[0m
[0;32mI (33) boot: Multicore bootloader[0m
[0;32mI (38) boot: chip revision: v3.1[0m
[0;32mI (42) boot.esp32: SPI Speed      : 40MHz[0m
[0;32mI (46) boot.esp32: SPI Mode       : DIO[0m
[0;32mI (51) boot.esp32: SPI Flash Size : 2MB[0m
[0;32mI (55) boot: Enabling RNG early entropy source...[0m
[0;32mI (61) boot: Partition Table:[0m
[0;32mI (64) boot: ## Label            Usage          Type ST Offset   Length[0m
[0;32mI (72) boot:  0 nvs              WiFi data        01 02 00009000 00006000[0m
[0;32mI (79) boot:  1 phy_init         RF data          01 01 0000f000 00001000[0m
[0;32mI (86) boot:  2 factory          factory app      00 00 00010000 00100000[0m
[0;32mI (94) boot: End of partition table[0m
[0;32mI (98) esp_image: segment 0: paddr=00010020 vaddr=3f400020 size=26058h (155736) map[0m
[0;32mI (163) esp_image: segment 1: paddr=00036080 vaddr=3ffb0000 size=03c2ch ( 15404) load[0m
[0;32mI (169) esp_image: segment 2: paddr=00039cb4 vaddr=40080000 size=06364h ( 25444) load[0m
[0;32mI (180) esp_image: segment 3: paddr=00040020 vaddr=400d0020 size=9e2cch (647884) map[0m
[0;32mI (414) esp_image: segment 4: paddr=000de2f4 vaddr=40086364 size=11228h ( 70184) load[0m
[0;32mI (455) boot: Loaded app from partition at offset 0x10000[0m
[0;32mI (455) boot: Disabling RNG early entropy source...[0m
[0;32mI (467) cpu_start: Multicore app[0m
[0;32mI (467) cpu_start: Pro cpu up.[0m
[0;32mI (467) cpu_start: Starting app cpu, entry point is 0x400814a8[0m
[0;32mI (0) cpu_start: App cpu up.[0m
[0;32mI (485) cpu_start: Pro cpu start user code[0m
[0;32mI (485) cpu_start: cpu freq: 160000000 Hz[0m
[0;32mI (485) cpu_start: Application information:[0m
[0;32mI (490) cpu_start: Project name:     air_sense[0m
[0;32mI (495) cpu_start: App version:      c6d1adc-dirty[0m
[0;32mI (500) cpu_start: Compile time:     Nov 24 2024 01:05:02[0m
[0;32mI (507) cpu_start: ELF file SHA256:  d4a9b8690d08ce02...[0m
[0;32mI (513) cpu_start: ESP-IDF:          v5.1.4-dirty[0m
[0;32mI (518) cpu_start: Min chip rev:     v0.0[0m
[0;32mI (523) cpu_start: Max chip rev:     v3.99 [0m
[0;32mI (527) cpu_start: Chip rev:         v3.1[0m
[0;32mI (532) heap_init: Initializing. RAM available for dynamic allocation:[0m
[0;32mI (540) heap_init: At 3FFAE6E0 len 00001920 (6 KiB): DRAM[0m
[0;32mI (545) heap_init: At 3FFB82D8 len 00027D28 (159 KiB): DRAM[0m
[0;32mI (552) heap_init: At 3FFE0440 len 00003AE0 (14 KiB): D/IRAM[0m
[0;32mI (558) heap_init: At 3FFE4350 len 0001BCB0 (111 KiB): D/IRAM[0m
[0;32mI (565) heap_init: At 4009758C len 00008A74 (34 KiB): IRAM[0m
[0;32mI (572) spi_flash: detected chip: generic[0m
[0;32mI (575) spi_flash: flash io: dio[0m
[0;33mW (579) spi_flash: Detected size(4096k) larger than the size in the binary image header(2048k). Using the size in the binary image header.[0m
[0;32mI (593) app_start: Starting scheduler on CPU0[0m
[0;32mI (597) app_start: Starting scheduler on CPU1[0m
[0;32mI (597) main_task: Started on CPU0[0m
[0;32mI (607) main_task: Calling app_main()[0m
I (657) wifi:wifi driver task: 3ffc0250, prio:23, stack:6656, core=0
I (667) wifi:wifi firmware version: 3ce09e5
I (667) wifi:wifi certification version: v7.0
I (667) wifi:config NVS flash: enabled
I (677) wifi:config nano formating: disabled
I (677) wifi:Init data frame dynamic rx buffer num: 32
I (677) wifi:Init static rx mgmt buffer num: 5
I (687) wifi:Init management short buffer num: 32
I (687) wifi:Init dynamic tx buffer num: 32
I (697) wifi:Init static rx buffer size: 1600
I (697) wifi:Init static rx buffer num: 10
I (697) wifi:Init dynamic rx buffer num: 32
[0;32mI (707) wifi_init: rx ba win: 6[0m
[0;32mI (707) wifi_init: tcpip mbox: 32[0m
[0;32mI (717) wifi_init: udp mbox: 6[0m
[0;32mI (717) wifi_init: tcp mbox: 6[0m
[0;32mI (717) wifi_init: tcp tx win: 5760[0m
[0;32mI (727) wifi_init: tcp rx win: 5760[0m
[0;32mI (727) wifi_init: tcp mss: 1440[0m
[0;32mI (737) wifi_init: WiFi IRAM OP enabled[0m
[0;32mI (737) wifi_init: WiFi RX IRAM OP enabled[0m
[0;32mI (817) phy_init: phy_version 4791,2c4672b,Dec 20 2023,16:06:06[0m
I (907) wifi:mode : sta (10:06:1c:86:c0:88)
I (907) wifi:enable tsf
[0;31mE (917) esp-tls: couldn't get hostname for :thingsboard.cloud: getaddrinfo() returns 202, addrinfo=0x0[0m
[0;31mE (917) transport_base: Failed to open a new connection: 32769[0m
[0;31mE (927) mqtt_client: Error transport connect[0m
[0;32mI (927) mqtt_thingsboard: MQTT_EVENT_DISCONNECTED[0m
[0;32mI (937) BME280: BME280 initialized successfully[0m
[0;32mI (947) BME280: Temperature: 29.06 C, Pressure: 1017.22 hPa, Humidity: 59.15 %[0m
Temperature: 29.06 C, Humidity: 59.15 %, Pressure: 1017.22 hPa
[0;32mI (1027) PMS7003: PM1.0: 27, PM2.5: 44, PM10: 53[0m
[0;32mI (1027) bme280_thingsboard: PM1.0: 27 ug/m3, PM2.5: 44 ug/m3, PM10: 53 ug/m3[0m
I (1287) wifi:new:<4,0>, old:<1,0>, ap:<255,255>, sta:<4,0>, prof:1
I (1287) wifi:state: init -> auth (b0)
I (2507) wifi:state: auth -> assoc (0)
I (2517) wifi:state: assoc -> run (10)
I (2537) wifi:connected with Redmi, aid = 3, channel 4, BW20, bssid = b6:55:a6:e3:92:3c
I (2537) wifi:security: WPA3-SAE, phy: bgn, rssi: -20
I (2567) wifi:pm start, type: 1

I (2567) wifi:dp: 1, bi: 102400, li: 3, scale listen interval from 307200 us to 307200 us
I (2577) wifi:dp: 2, bi: 102400, li: 4, scale listen interval from 307200 us to 409600 us
I (2577) wifi:AP's beacon interval = 102400 us, DTIM period = 2
[0;32mI (3567) esp_netif_handlers: sta ip: 192.168.163.1, mask: 255.255.255.0, gw: 192.168.163.147[0m
[0;32mI (3567) wifi: got ip:192.168.163.1
[0m
[0;32mI (6027) BME280: Temperature: 29.07 C, Pressure: 1017.15 hPa, Humidity: 59.46 %[0m
Temperature: 29.07 C, Humidity: 59.46 %, Pressure: 1017.15 hPa
[0;32mI (6027) PMS7003: PM1.0: 27, PM2.5: 44, PM10: 53[0m
[0;32mI (6037) bme280_thingsboard: PM1.0: 27 ug/m3, PM2.5: 44 ug/m3, PM10: 53 ug/m3[0m
[0;32mI (11037) BME280: Temperature: 29.05 C, Pressure: 1017.23 hPa, Humidity: 59.73 %[0m
Temperature: 29.05 C, Humidity: 59.73 %, Pressure: 1017.23 hPa
[0;32mI (12107) mqtt_thingsboard: MQTT_EVENT_CONNECTED[0m
[0;32mI (12117) PMS7003: PM1.0: 28, PM2.5: 45, PM10: 53[0m
[0;32mI (12117) bme280_thingsboard: PM1.0: 28 ug/m3, PM2.5: 45 ug/m3, PM10: 53 ug/m3[0m
[0;32mI (17117) BME280: Temperature: 29.06 C, Pressure: 1017.08 hPa, Humidity: 59.49 %[0m
Temperature: 29.06 C, Humidity: 59.49 %, Pressure: 1017.08 hPa
[0;32mI (17127) PMS7003: PM1.0: 27, PM2.5: 44, PM10: 53[0m
[0;32mI (17127) bme280_thingsboard: PM1.0: 27 ug/m3, PM2.5: 44 ug/m3, PM10: 53 ug/m3[0m
I (18257) wifi:<ba-add>idx:0 (ifx:0, b6:55:a6:e3:92:3c), tid:0, ssn:16, winSize:64
[0;32mI (22137) BME280: Temperature: 29.06 C, Pressure: 1017.22 hPa, Humidity: 59.46 %[0m
Temperature: 29.06 C, Humidity: 59.46 %, Pressure: 1017.22 hPa
[0;32mI (22147) PMS7003: PM1.0: 28, PM2.5: 45, PM10: 54[0m
[0;32mI (22147) bme280_thingsboard: PM1.0: 28 ug/m3, PM2.5: 45 ug/m3, PM10: 54 ug/m3[0m
[0;32mI (27157) BME280: Temperature: 29.06 C, Pressure: 1017.19 hPa, Humidity: 59.27 %[0m
Temperature: 29.06 C, Humidity: 59.27 %, Pressure: 1017.19 hPa
[0;32mI (27167) PMS7003: PM1.0: 28, PM2.5: 45, PM10: 55[0m
[0;32mI (27167) bme280_thingsboard: PM1.0: 28 ug/m3, PM2.5: 45 ug/m3, PM10: 55 ug/m3[0m
[0;32mI (32177) BME280: Temperature: 29.06 C, Pressure: 1017.16 hPa, Humidity: 59.16 %[0m
Temperature: 29.06 C, Humidity: 59.16 %, Pressure: 1017.16 hPa
[0;32mI (32187) PMS7003: PM1.0: 28, PM2.5: 45, PM10: 55[0m
[0;32mI (32187) bme280_thingsboard: PM1.0: 28 ug/m3, PM2.5: 45 ug/m3, PM10: 55 ug/m3[0m
[0;32mI (37197) BME280: Temperature: 29.05 C, Pressure: 1017.18 hPa, Humidity: 59.08 %[0m
Temperature: 29.05 C, Humidity: 59.08 %, Pressure: 1017.18 hPa
[0;32mI (37207) PMS7003: PM1.0: 27, PM2.5: 45, PM10: 56[0m
[0;32mI (37207) bme280_thingsboard: PM1.0: 27 ug/m3, PM2.5: 45 ug/m3, PM10: 56 ug/m3[0m
[0;32mI (42217) BME280: Temperature: 29.06 C, Pressure: 1017.19 hPa, Humidity: 59.16 %[0m
Temperature: 29.06 C, Humidity: 59.16 %, Pressure: 1017.19 hPa
[0;32mI (42227) PMS7003: PM1.0: 27, PM2.5: 45, PM10: 56[0m
[0;32mI (42227) bme280_thingsboard: PM1.0: 27 ug/m3, PM2.5: 45 ug/m3, PM10: 56 ug/m3[0m
[0;32mI (47237) BME280: Temperature: 29.06 C, Pressure: 1017.17 hPa, Humidity: 59.02 %[0m
Temperature: 29.06 C, Humidity: 59.02 %, Pressure: 1017.17 hPa
[0;32mI (47247) PMS7003: PM1.0: 28, PM2.5: 46, PM10: 56[0m
[0;32mI (47247) bme280_thingsboard: PM1.0: 28 ug/m3, PM2.5: 46 ug/m3, PM10: 56 ug/m3[0m
[0;32mI (52257) BME280: Temperature: 29.08 C, Pressure: 1017.22 hPa, Humidity: 58.99 %[0m
Temperature: 29.08 C, Humidity: 58.99 %, Pressure: 1017.22 hPa
[0;32mI (52267) PMS7003: PM1.0: 28, PM2.5: 46, PM10: 56[0m
[0;32mI (52267) bme280_thingsboard: PM1.0: 28 ug/m3, PM2.5: 46 ug/m3, PM10: 56 ug/m3[0m
[0;32mI (57277) BME280: Temperature: 29.05 C, Pressure: 1017.12 hPa, Humidity: 58.94 %[0m
Temperature: 29.05 C, Humidity: 58.94 %, Pressure: 1017.12 hPa
[0;32mI (57287) PMS7003: PM1.0: 28, PM2.5: 45, PM10: 56[0m
[0;32mI (57287) bme280_thingsboard: PM1.0: 28 ug/m3, PM2.5: 45 ug/m3, PM10: 56 ug/m3[0m
[0;32mI (62297) BME280: Temperature: 29.05 C, Pressure: 1017.15 hPa, Humidity: 58.92 %[0m
Temperature: 29.05 C, Humidity: 58.92 %, Pressure: 1017.15 hPa
[0;32mI (62307) PMS7003: PM1.0: 28, PM2.5: 45, PM10: 56[0m
[0;32mI (62307) bme280_thingsboard: PM1.0: 28 ug/m3, PM2.5: 45 ug/m3, PM10: 56 ug/m3[0m
[0;32mI (67317) BME280: Temperature: 29.06 C, Pressure: 1017.19 hPa, Humidity: 58.97 %[0m
Temperature: 29.06 C, Humidity: 58.97 %, Pressure: 1017.19 hPa
[0;32mI (67327) PMS7003: PM1.0: 28, PM2.5: 45, PM10: 56[0m
[0;32mI (67327) bme280_thingsboard: PM1.0: 28 ug/m3, PM2.5: 45 ug/m3, PM10: 56 ug/m3[0m
[0;32mI (72337) BME280: Temperature: 29.06 C, Pressure: 1017.17 hPa, Humidity: 59.18 %[0m
Temperature: 29.06 C, Humidity: 59.18 %, Pressure: 1017.17 hPa
[0;32mI (72337) PMS7003: PM1.0: 28, PM2.5: 45, PM10: 56[0m
[0;32mI (72347) bme280_thingsboard: PM1.0: 28 ug/m3, PM2.5: 45 ug/m3, PM10: 56 ug/m3[0m
[0;32mI (77357) BME280: Temperature: 29.07 C, Pressure: 1017.12 hPa, Humidity: 59.10 %[0m
Temperature: 29.07 C, Humidity: 59.10 %, Pressure: 1017.12 hPa
[0;32mI (77367) PMS7003: PM1.0: 28, PM2.5: 45, PM10: 55[0m
[0;32mI (77367) bme280_thingsboard: PM1.0: 28 ug/m3, PM2.5: 45 ug/m3, PM10: 55 ug/m3[0m
[0;32mI (82377) BME280: Temperature: 29.09 C, Pressure: 1017.18 hPa, Humidity: 59.14 %[0m
Temperature: 29.09 C, Humidity: 59.14 %, Pressure: 1017.18 hPa
[0;32mI (82397) PMS7003: PM1.0: 28, PM2.5: 45, PM10: 55[0m
[0;32mI (82397) bme280_thingsboard: PM1.0: 28 ug/m3, PM2.5: 45 ug/m3, PM10: 55 ug/m3[0m
[0;32mI (87397) BME280: Temperature: 29.10 C, Pressure: 1017.15 hPa, Humidity: 59.20 %[0m
Temperature: 29.10 C, Humidity: 59.20 %, Pressure: 1017.15 hPa
[0;32mI (87407) PMS7003: PM1.0: 28, PM2.5: 45, PM10: 56[0m
[0;32mI (87407) bme280_thingsboard: PM1.0: 28 ug/m3, PM2.5: 45 ug/m3, PM10: 56 ug/m3[0m
[0;32mI (92417) BME280: Temperature: 29.08 C, Pressure: 1017.20 hPa, Humidity: 58.99 %[0m
Temperature: 29.08 C, Humidity: 58.99 %, Pressure: 1017.20 hPa
[0;32mI (92437) PMS7003: PM1.0: 28, PM2.5: 45, PM10: 56[0m
[0;32mI (92437) bme280_thingsboard: PM1.0: 28 ug/m3, PM2.5: 45 ug/m3, PM10: 56 ug/m3[0m
[0;32mI (97437) BME280: Temperature: 29.09 C, Pressure: 1017.16 hPa, Humidity: 59.07 %[0m
Temperature: 29.09 C, Humidity: 59.07 %, Pressure: 1017.16 hPa
[0;32mI (97457) PMS7003: PM1.0: 27, PM2.5: 45, PM10: 56[0m
[0;32mI (97457) bme280_thingsboard: PM1.0: 27 ug/m3, PM2.5: 45 ug/m3, PM10: 56 ug/m3[0m
[0;32mI (102457) BME280: Temperature: 29.08 C, Pressure: 1017.14 hPa, Humidity: 58.97 %[0m
Temperature: 29.08 C, Humidity: 58.97 %, Pressure: 1017.14 hPa
[0;32mI (102467) PMS7003: PM1.0: 27, PM2.5: 45, PM10: 56[0m
[0;32mI (102467) bme280_thingsboard: PM1.0: 27 ug/m3, PM2.5: 45 ug/m3, PM10: 56 ug/m3[0m
[0;32mI (107477) BME280: Temperature: 29.10 C, Pressure: 1017.17 hPa, Humidity: 59.00 %[0m
Temperature: 29.10 C, Humidity: 59.00 %, Pressure: 1017.17 hPa
[0;32mI (107487) PMS7003: PM1.0: 27, PM2.5: 45, PM10: 55[0m
[0;32mI (107487) bme280_thingsboard: PM1.0: 27 ug/m3, PM2.5: 45 ug/m3, PM10: 55 ug/m3[0m
[0;32mI (112497) BME280: Temperature: 29.08 C, Pressure: 1017.12 hPa, Humidity: 59.22 %[0m
Temperature: 29.08 C, Humidity: 59.22 %, Pressure: 1017.12 hPa
[0;32mI (112517) PMS7003: PM1.0: 27, PM2.5: 45, PM10: 55[0m
[0;32mI (112517) bme280_thingsboard: PM1.0: 27 ug/m3, PM2.5: 45 ug/m3, PM10: 55 ug/m3[0m
[0;32mI (117517) BME280: Temperature: 29.08 C, Pressure: 1017.14 hPa, Humidity: 59.05 %[0m
Temperature: 29.08 C, Humidity: 59.05 %, Pressure: 1017.14 hPa
[0;32mI (117527) PMS7003: PM1.0: 27, PM2.5: 44, PM10: 54[0m
[0;32mI (117527) bme280_thingsboard: PM1.0: 27 ug/m3, PM2.5: 44 ug/m3, PM10: 54 ug/m3[0m
